Consumidor: 0
Produtor: 0
Consumidor: 0
Produtor: 1
Consumidor: 1
Produtor: 2
Consumidor: 2
Consumidor: 2
Produtor: 3
Consumidor: 3
Produtor: 4
Consumidor: 4
Produtor: 5
Produtor: 6
Consumidor: 6
Produtor: 7
Consumidor: 7
Produtor: 8
Consumidor: 8
Produtor: 9
Consumidor: 9
Consumidor: 9
Produtor: 10
Consumidor: 10
Consumidor: 10
Produtor: 11
Consumidor: 11
Consumidor: 11
Produtor: 12
Consumidor: 12
Produtor: 13
Consumidor: 13
Produtor: 14
Consumidor: 14
Produtor: 15
Consumidor: 15
Produtor: 16
Consumidor: 16
Produtor: 17
Consumidor: 17
Consumidor: 17
Produtor: 18
Consumidor: 18
Produtor: 19
Consumidor: 19
Consumidor: 19
Consumidor: 19
Produtor: 20
Consumidor: 20
Produtor: 21
Consumidor: 21
Consumidor: 21
Produtor: 22
Produtor: 23
Produtor: 24
Produtor: 25
Produtor: 26
Produtor: 27
Produtor: 28
Produtor: 29
